// Jest Snapshot v1, https://goo.gl/fbAQLP

exports[`NavBar renders correctly 1`] = `
<div>
  <header
    class="text-white py-2 md:py-4"
  >
    <div
      class="container mx-auto flex flex-col md:flex-row items-center justify-between px-2 md:px-4"
    >
      <a
        href="/"
      >
        <div
          class="flex flex-col items-center md:items-start"
        >
          <h1
            class="className text-2xl md:text-5xl"
          >
            uchifinals
          </h1>
          <p
            class="text-xs md:text-sm mt-1 text-center md:text-left"
          >
            find your uchicago final exam schedule fast
          </p>
          <p
            class="text-xs md:text-sm mt-1 text-center md:text-left"
          >
            current quarter: 
            <span
              class="font-bold"
            >
              autumn 2024
            </span>
          </p>
        </div>
      </a>
      <nav
        class="mt-2 md:mt-0"
      >
        <ul
          class="flex flex-col md:flex-row gap-2 md:gap-6 text-xs md:text-base font-bold items-center"
        >
          <li
            class="text-center"
          >
            Made by Esslam Ashour, class of 2027
          </li>
          <li>
            <a
              class="text-[#800000] bg-white p-1 md:p-3 rounded-3xl font-normal hover:underline text-center block"
              href="mailto:esslamashour@uchicago.edu"
            >
              Contact
            </a>
          </li>
        </ul>
      </nav>
    </div>
  </header>
</div>
`;
