// Jest Snapshot v1, https://goo.gl/fbAQLP

exports[`Pagination renders correctly 1`] = `
<div>
  <div
    class="jsx-a5b8bf6edb9ebf26 flex flex-wrap justify-center items-center space-x-2 mt-4"
  >
    <button
      class="jsx-a5b8bf6edb9ebf26 px-2 py-1 border rounded-3xl bg-blue-500 text-white"
    >
      1
    </button>
    <button
      class="jsx-a5b8bf6edb9ebf26 px-2 py-1 border rounded-3xl hover:bg-blue-500 hover:text-white duration-300"
    >
      2
    </button>
    <button
      class="jsx-a5b8bf6edb9ebf26 px-2 py-1 border rounded-3xl hover:bg-blue-500 hover:text-white duration-300"
    >
      3
    </button>
    <button
      class="jsx-a5b8bf6edb9ebf26 px-2 py-1 border rounded-3xl hover:bg-blue-500 hover:text-white duration-300"
    >
      4
    </button>
    <button
      class="jsx-a5b8bf6edb9ebf26 px-2 py-1 border rounded-3xl hover:bg-blue-500 hover:text-white duration-300"
    >
      5
    </button>
    <button
      class="jsx-a5b8bf6edb9ebf26 px-2 py-1 border rounded-3xl hover:bg-blue-500 hover:text-white duration-300"
    >
      6
    </button>
    <button
      class="jsx-a5b8bf6edb9ebf26 px-2 py-1 border rounded-3xl hover:bg-blue-500 hover:text-white duration-300"
    >
      7
    </button>
    <button
      class="jsx-a5b8bf6edb9ebf26 px-2 py-1 border rounded-3xl hover:bg-blue-500 hover:text-white duration-300"
    >
      8
    </button>
    <button
      class="jsx-a5b8bf6edb9ebf26 px-2 py-1 border rounded-3xl hover:bg-blue-500 hover:text-white duration-300"
    >
      9
    </button>
    <button
      class="jsx-a5b8bf6edb9ebf26 px-2 py-1 border rounded-3xl hover:bg-blue-500 hover:text-white duration-300"
    >
      10
    </button>
  </div>
</div>
`;
